Script started on Mon Apr 17 14:18:21 2017
[?1034hbash-3.2$ git status
On branch master

Initial commit

Untracked files:
  (use "git add <file>..." to include in what will be committed)

	[31mLogs[m

nothing added to commit but untracked files present (use "git add" to track)
bash-3.2$ git add logs[K[K[K[KLogs
warning: CRLF will be replaced by LF in Logs.
The file will have its original line endings in your working directory.
bash-3.2$ git status
On branch master

Initial commit

Changes to be committed:
  (use "git rm --cached <file>..." to unstage)

	[32mnew file:   Logs[m

bash-3.2$ git commit -m "Sy[Ktarted capturing log"
[master (root-commit) e488e71] Started capturing log
 1 file changed, 13 insertions(+)
 create mode 100644 Logs
bash-3.2$ git status
On branch master
Changes not staged for commit:
  (use "git add <file>..." to update what will be committed)
  (use "git checkout -- <file>..." to discard changes in working directory)

	[31mmodified:   Logs[m

no changes added to commit (use "git add" and/or "git commit -a")
bash-3.2$ g[Krcho "[K[K[K[K[K[Kecho "It will be for demo" > demo.txt
bash-3.2$ git status
On branch master
Changes not staged for commit:
  (use "git add <file>..." to update what will be committed)
  (use "git checkout -- <file>..." to discard changes in working directory)

	[31mmodified:   Logs[m

Untracked files:
  (use "git add <file>..." to include in what will be committed)

	[31mdemo.txt[m

no changes added to commit (use "git add" and/or "git commit -a")
bash-3.2$ 